
> web@0.0.0 build
> tsc -b && vite build

src/pages/Chat.tsx(18,57): error TS2307: Cannot find module '../utils/conversations' or its corresponding type declarations.
src/pages/Chat.tsx(63,49): error TS7006: Parameter 'res' implicitly has an 'any' type.
src/pages/Chat.tsx(87,30): error TS2339: Property '_id' does not exist on type 'User'.
src/pages/Chat.tsx(149,64): error TS2339: Property '_id' does not exist on type 'User'.
src/pages/CommentDetails.tsx(11,1): error TS6133: 'motion' is declared but its value is never read.
src/pages/CommentDetails.tsx(20,10): error TS2305: Module '"../utils/actions"' has no exported member 'getReplies'.
src/pages/CommentDetails.tsx(20,22): error TS2305: Module '"../utils/actions"' has no exported member 'replyComment'.
src/pages/CommentDetails.tsx(31,11): error TS6133: 'navigate' is declared but its value is never read.
src/pages/ComposePost.tsx(21,10): error TS2305: Module '"../utils/actions"' has no exported member 'createPost'.
src/pages/Inbox.tsx(17,49): error TS2307: Cannot find module '../utils/conversations' or its corresponding type declarations.
src/pages/Inbox.tsx(43,72): error TS2339: Property '_id' does not exist on type 'User'.
src/pages/Inbox.tsx(175,80): error TS2339: Property '_id' does not exist on type 'User'.
src/pages/PostDetails.tsx(12,1): error TS6133: 'motion' is declared but its value is never read.
src/pages/PostDetails.tsx(22,38): error TS2305: Module '"../utils/actions"' has no exported member 'getPostDetails'.
src/pages/PostDetails.tsx(22,54): error TS2305: Module '"../utils/actions"' has no exported member 'removeComment'.
src/pages/PostDetails.tsx(157,33): error TS2322: Type 'boolean | null' is not assignable to type 'boolean | undefined'.
  Type 'null' is not assignable to type 'boolean | undefined'.
src/pages/PostDetails.tsx(157,81): error TS2339: Property '_id' does not exist on type 'User'.
src/pages/Profile.tsx(9,1): error TS6133: 'motion' is declared but its value is never read.
src/pages/Profile.tsx(18,69): error TS2307: Cannot find module '../utils/user' or its corresponding type declarations.
src/pages/Profile.tsx(38,35): error TS2339: Property '_id' does not exist on type 'User'.
src/pages/Profile.tsx(39,68): error TS2339: Property '_id' does not exist on type 'User'.
